******************************************************************************
                  MSP430 Linker PC v4.1.1                      
******************************************************************************
>> Linked Thu Apr 10 08:59:30 2014

OUTPUT FILE NAME:   <PV_Cube_FW_NR1x_1.00_868MHz.out>
ENTRY POINT SYMBOL: "_c_int00"  address: 00009d4c


MEMORY CONFIGURATION

         name            origin    length      used     unused   attr    fill
----------------------  --------  ---------  --------  --------  ----  --------
  SFR                   00000000   00000010  00000000  00000010  RWIX
  PERIPHERALS_8BIT      00000010   000000f0  00000000  000000f0  RWIX
  PERIPHERALS_16BIT     00000100   00000100  00000000  00000100  RWIX
  INFOD                 00001800   00000080  00000000  00000080  RWIX
  INFOC                 00001880   00000080  00000000  00000080  RWIX
  INFOB                 00001900   00000080  00000000  00000080  RWIX
  INFOA                 00001980   00000080  00000000  00000080  RWIX
  RAM                   00001c00   00000ffe  000000ee  00000f10  RWIX
  FLASH                 00008000   00007f80  00001ec4  000060bc  RWIX
  INT00                 0000ff80   00000002  00000000  00000002  RWIX
  INT01                 0000ff82   00000002  00000000  00000002  RWIX
  INT02                 0000ff84   00000002  00000000  00000002  RWIX
  INT03                 0000ff86   00000002  00000000  00000002  RWIX
  INT04                 0000ff88   00000002  00000000  00000002  RWIX
  INT05                 0000ff8a   00000002  00000000  00000002  RWIX
  INT06                 0000ff8c   00000002  00000000  00000002  RWIX
  INT07                 0000ff8e   00000002  00000000  00000002  RWIX
  INT08                 0000ff90   00000002  00000000  00000002  RWIX
  INT09                 0000ff92   00000002  00000000  00000002  RWIX
  INT10                 0000ff94   00000002  00000000  00000002  RWIX
  INT11                 0000ff96   00000002  00000000  00000002  RWIX
  INT12                 0000ff98   00000002  00000000  00000002  RWIX
  INT13                 0000ff9a   00000002  00000000  00000002  RWIX
  INT14                 0000ff9c   00000002  00000000  00000002  RWIX
  INT15                 0000ff9e   00000002  00000000  00000002  RWIX
  INT16                 0000ffa0   00000002  00000000  00000002  RWIX
  INT17                 0000ffa2   00000002  00000000  00000002  RWIX
  INT18                 0000ffa4   00000002  00000000  00000002  RWIX
  INT19                 0000ffa6   00000002  00000000  00000002  RWIX
  INT20                 0000ffa8   00000002  00000000  00000002  RWIX
  INT21                 0000ffaa   00000002  00000000  00000002  RWIX
  INT22                 0000ffac   00000002  00000000  00000002  RWIX
  INT23                 0000ffae   00000002  00000000  00000002  RWIX
  INT24                 0000ffb0   00000002  00000000  00000002  RWIX
  INT25                 0000ffb2   00000002  00000000  00000002  RWIX
  INT26                 0000ffb4   00000002  00000000  00000002  RWIX
  INT27                 0000ffb6   00000002  00000000  00000002  RWIX
  INT28                 0000ffb8   00000002  00000000  00000002  RWIX
  INT29                 0000ffba   00000002  00000000  00000002  RWIX
  INT30                 0000ffbc   00000002  00000000  00000002  RWIX
  INT31                 0000ffbe   00000002  00000000  00000002  RWIX
  INT32                 0000ffc0   00000002  00000000  00000002  RWIX
  INT33                 0000ffc2   00000002  00000000  00000002  RWIX
  INT34                 0000ffc4   00000002  00000000  00000002  RWIX
  INT35                 0000ffc6   00000002  00000000  00000002  RWIX
  INT36                 0000ffc8   00000002  00000000  00000002  RWIX
  INT37                 0000ffca   00000002  00000000  00000002  RWIX
  INT38                 0000ffcc   00000002  00000000  00000002  RWIX
  INT39                 0000ffce   00000002  00000000  00000002  RWIX
  INT40                 0000ffd0   00000002  00000000  00000002  RWIX
  INT41                 0000ffd2   00000002  00000000  00000002  RWIX
  INT42                 0000ffd4   00000002  00000000  00000002  RWIX
  INT43                 0000ffd6   00000002  00000000  00000002  RWIX
  INT44                 0000ffd8   00000002  00000000  00000002  RWIX
  INT45                 0000ffda   00000002  00000000  00000002  RWIX
  INT46                 0000ffdc   00000002  00000000  00000002  RWIX
  INT47                 0000ffde   00000002  00000000  00000002  RWIX
  INT48                 0000ffe0   00000002  00000002  00000000  RWIX
  INT49                 0000ffe2   00000002  00000000  00000002  RWIX
  INT50                 0000ffe4   00000002  00000000  00000002  RWIX
  INT51                 0000ffe6   00000002  00000000  00000002  RWIX
  INT52                 0000ffe8   00000002  00000000  00000002  RWIX
  INT53                 0000ffea   00000002  00000002  00000000  RWIX
  INT54                 0000ffec   00000002  00000000  00000002  RWIX
  INT55                 0000ffee   00000002  00000002  00000000  RWIX
  INT56                 0000fff0   00000002  00000000  00000002  RWIX
  INT57                 0000fff2   00000002  00000000  00000002  RWIX
  INT58                 0000fff4   00000002  00000000  00000002  RWIX
  INT59                 0000fff6   00000002  00000000  00000002  RWIX
  INT60                 0000fff8   00000002  00000000  00000002  RWIX
  INT61                 0000fffa   00000002  00000000  00000002  RWIX
  INT62                 0000fffc   00000002  00000000  00000002  RWIX
  RESET                 0000fffe   00000002  00000002  00000000  RWIX


SECTION ALLOCATION MAP

 output                                  attributes/
section   page    origin      length       input sections
--------  ----  ----------  ----------   ----------------
.init_array 
*          0    00008000    00000000     UNINITIALIZED

.bss       0    00001c00    00000092     UNINITIALIZED
                  00001c00    00000082     TX.obj (.bss)
                  00001c82    0000000e     acceleration.obj (.bss)
                  00001c90    00000002     as.obj (.bss)

.TI.noinit 
*          0    00001c00    00000000     UNINITIALIZED

.data      0    00001c92    0000000c     
                  00001c92    00000009     TX.obj (.data)
                  00001c9b    00000001     --HOLE--
                  00001c9c    00000002     RF1A.obj (.data)

.TI.persistent 
*          0    00001c92    00000000     UNINITIALIZED

.stack     0    00002bac    00000050     UNINITIALIZED
                  00002bac    00000002     rts430_eabi.lib : boot.obj (.stack)
                  00002bae    0000004e     --HOLE--

.text      0    00008000    00001e9a     
                  00008000    000002f8     rts430_eabi.lib : frcmpyd.obj (.text:_frcmpyd)
                  000082f8    000002e8                     : addd.obj (.text:__mspabi_addd)
                  000085e0    0000026e                     : frcaddd.obj (.text:_frcaddd)
                  0000884e    00000256                     : mpyd.obj (.text:__mspabi_mpyd)
                  00008aa4    000001fc     TX.obj (.text:initRadio)
                  00008ca0    00000176     cc430x514x_ADC10.obj (.text:read_voltage)
                  00008e16    000000c2     cc430x514x_PMM.obj (.text:SetVCoreUp)
                  00008ed8    000000c2     rts430_eabi.lib : fs_mpy.obj (.text)
                  00008f9a    000000c0                     : renormd.obj (.text:_renormd)
                  0000905a    000000b0     TX.obj (.text:TransmitAS)
                  0000910a    000000a4     RF1A.obj (.text:Strobe)
                  000091ae    000000a2     cc430x514x_PMM.obj (.text:SetVCoreDown)
                  00009250    000000a0     acceleration.obj (.text:get_acceleration)
                  000092f0    00000090     rts430_eabi.lib : fltuld.obj (.text:__mspabi_fltuld)
                  00009380    0000008a                     : fixdul.obj (.text:__mspabi_fixdul)
                  0000940a    00000088                     : fixdli.obj (.text:__mspabi_fixdli)
                  00009492    00000084     TX.obj (.text:CheckSide)
                  00009516    00000080     rts430_eabi.lib : cvtfd.obj (.text:__mspabi_cvtfd)
                  00009596    0000006a     as.obj (.text:as_read_register)
                  00009600    0000006a     as.obj (.text:as_write_register)
                  0000966a    00000064     bmp_as.obj (.text:bmp_as_start)
                  000096ce    00000060     TX.obj (.text:main)
                  0000972e    0000005e     rts430_eabi.lib : copy_decompress_rle.obj (.text:__TI_decompress_rle_core)
                  0000978c    0000005e                     : autoinit.obj (.text:_auto_init)
                  000097ea    0000005c                     : lsr32.obj (.text:l_lsr_const)
                  00009846    00000052     bmp_as.obj (.text:bmp_as_get_data)
                  00009898    0000004c     RF1A.obj (.text:RF1A_interface_error_handler)
                  000098e4    0000004c     acceleration.obj (.text:convert_acceleration_value_to_mgrav)
                  00009930    0000004c     rts430_eabi.lib : lsr16.obj (.text)
                  0000997c    00000042     cc430x514x_PMM.obj (.text:SetVCore)
                  000099be    00000042     TX.obj (.text:TIMER0_A0_ISR)
                  00009a00    00000042     as.obj (.text:as_start)
                  00009a42    00000040     RF1A.obj (.text:CC1101_ISR)
                  00009a82    00000040     TX.obj (.text:ReadParameter)
                  00009ac2    0000003e     rts430_eabi.lib : asr32.obj (.text:l_asr_const)
                  00009b00    0000003e                     : lsl32.obj (.text:l_lsl_const)
                  00009b3e    0000003a     RF1A.obj (.text:WriteBurstReg)
                  00009b78    00000034     cc430x514x_PMA.obj (.text:configure_ports)
                  00009bac    00000032     as.obj (.text:as_stop)
                  00009bde    0000002e     as.obj (.text:as_init)
                  00009c0c    0000002c     RF1A.obj (.text:ReadSingleReg)
                  00009c38    0000002c     rts430_eabi.lib : asr16.obj (.text)
                  00009c64    0000002c                     : lsl16.obj (.text)
                  00009c90    00000028     RF1A.obj (.text:Transmit)
                  00009cb8    00000028     RF1A.obj (.text:WritePATable)
                  00009ce0    00000028     rts430_eabi.lib : fixdi.obj (.text:__mspabi_fixdi)
                  00009d08    00000024                     : fs_utof.obj (.text)
                  00009d2c    00000020                     : mult32_f5hw.obj (.text)
                  00009d4c    0000001a                     : boot.obj (.text:_c_int00_noexit)
                  00009d66    00000018     RF1A.obj (.text:WriteSingleReg)
                  00009d7e    00000016     rts430_eabi.lib : div16u.obj (.text)
                  00009d94    00000014                     : copy_zero_init.obj (.text:decompress:ZI:__TI_zero_init)
                  00009da8    00000014                     : mult16_f5hw.obj (.text)
                  00009dbc    00000012     RF1A.obj (.text:ResetRadioCore)
                  00009dce    00000012     rts430_eabi.lib : fixdu.obj (.text:__mspabi_fixdu)
                  00009de0    00000012                     : copy_decompress_none.obj (.text:decompress:none:__TI_decompress_none)
                  00009df2    00000012                     : lsr32.obj (.text:l_lsr)
                  00009e04    00000012                     : memcpy.obj (.text:memcpy)
                  00009e16    00000010                     : asr32.obj (.text:l_asr)
                  00009e26    00000010                     : lsl32.obj (.text:l_lsl)
                  00009e36    00000010                     : epilog.obj (.text)
                  00009e46    0000000e     acceleration.obj (.text:acceleration_value_is_positive)
                  00009e54    0000000c     RF1A.obj (.text:RF1A_interrupt_handler)
                  00009e60    0000000a     bmp_as.obj (.text:bmp_as_read_register)
                  00009e6a    0000000a     bmp_as.obj (.text:bmp_as_write_register)
                  00009e74    0000000a     acceleration.obj (.text:do_acceleration_measurement)
                  00009e7e    00000008     TX.obj (.text:PORT2_ISR)
                  00009e86    00000006     rts430_eabi.lib : fltud.obj (.text:__mspabi_fltud)
                  00009e8c    00000006                     : copy_decompress_rle.obj (.text:decompress:rle24:__TI_decompress_rle24)
                  00009e92    00000004                     : pre_init.obj (.text:_system_pre_init)
                  00009e96    00000004                     : exit.obj (.text:abort)

.const     0    00009e9a    0000000e     
                  00009e9a    0000000e     acceleration.obj (.const:mgrav_per_bit)

.cinit     0    00009ea8    0000001c     
                  00009ea8    0000000a     (.cinit..data.load) [load image, compression = rle]
                  00009eb2    00000006     (__TI_handler_table)
                  00009eb8    00000004     (.cinit..bss.load) [load image, compression = zero_init]
                  00009ebc    00000008     (__TI_cinit_table)

PORT2      0    0000ffe0    00000002     
                  0000ffe0    00000002     TX.obj (.int48)

CC1101     0    0000ffea    00000002     
                  0000ffea    00000002     RF1A.obj (.int53)

TIMER0_A0 
*          0    0000ffee    00000002     
                  0000ffee    00000002     TX.obj (.int55)

.reset     0    0000fffe    00000002     
                  0000fffe    00000002     rts430_eabi.lib : boot.obj (.reset)


LINKER GENERATED COPY TABLES

__TI_cinit_table @ 00009ebc records: 2, size/record: 4, table size: 8
	.data: load addr=00009ea8, load size=0000000a bytes, run addr=00001c92, run size=0000000c bytes, compression=rle
	.bss: load addr=00009eb8, load size=00000004 bytes, run addr=00001c00, run size=00000092 bytes, compression=zero_init


LINKER GENERATED HANDLER TABLE

__TI_handler_table @ 00009eb2 records: 3, size/record: 2, table size: 6
	index: 0, handler: __TI_zero_init
	index: 1, handler: __TI_decompress_rle24
	index: 2, handler: __TI_decompress_none


GLOBAL SYMBOLS: SORTED ALPHABETICALLY BY Name 

address    name
--------   ----
00000740   ADC10CTL0
00000741   ADC10CTL0_H
00000740   ADC10CTL0_L
00000742   ADC10CTL1
00000743   ADC10CTL1_H
00000742   ADC10CTL1_L
00000744   ADC10CTL2
00000745   ADC10CTL2_H
00000744   ADC10CTL2_L
00000748   ADC10HI
00000749   ADC10HI_H
00000748   ADC10HI_L
0000075a   ADC10IE
0000075b   ADC10IE_H
0000075a   ADC10IE_L
0000075c   ADC10IFG
0000075d   ADC10IFG_H
0000075c   ADC10IFG_L
0000075e   ADC10IV
0000075f   ADC10IV_H
0000075e   ADC10IV_L
00000746   ADC10LO
00000747   ADC10LO_H
00000746   ADC10LO_L
0000074a   ADC10MCTL0
0000074b   ADC10MCTL0_H
0000074a   ADC10MCTL0_L
00000752   ADC10MEM0
00000753   ADC10MEM0_H
00000752   ADC10MEM0_L
000009c0   AESACTL0
000009c1   AESACTL0_H
000009c0   AESACTL0_L
000009c8   AESADIN
000009c9   AESADIN_H
000009c8   AESADIN_L
000009ca   AESADOUT
000009cb   AESADOUT_H
000009ca   AESADOUT_L
000009c6   AESAKEY
000009c7   AESAKEY_H
000009c6   AESAKEY_L
000009c4   AESASTAT
000009c5   AESASTAT_H
000009c4   AESASTAT_L
000004be   BCD2BIN
000004bc   BIN2BCD
00009e96   C$$EXIT
000008c0   CBCTL0
000008c1   CBCTL0_H
000008c0   CBCTL0_L
000008c2   CBCTL1
000008c3   CBCTL1_H
000008c2   CBCTL1_L
000008c4   CBCTL2
000008c5   CBCTL2_H
000008c4   CBCTL2_L
000008c6   CBCTL3
000008c7   CBCTL3_H
000008c6   CBCTL3_L
000008cc   CBINT
000008cd   CBINT_H
000008cc   CBINT_L
000008ce   CBIV
00009a42   CC1101_ISR
00000150   CRCDI
00000152   CRCDIRB
00000153   CRCDIRB_H
00000152   CRCDIRB_L
00000151   CRCDI_H
00000150   CRCDI_L
00000154   CRCINIRES
00000155   CRCINIRES_H
00000154   CRCINIRES_L
00000156   CRCRESR
00000157   CRCRESR_H
00000156   CRCRESR_L
00009492   CheckSide
00000510   DMA0CTL
00000511   DMA0CTL_H
00000510   DMA0CTL_L
00000516   DMA0DA
00000516   DMA0DAL
00000512   DMA0SA
00000512   DMA0SAL
0000051a   DMA0SZ
00000520   DMA1CTL
00000521   DMA1CTL_H
00000520   DMA1CTL_L
00000526   DMA1DA
00000526   DMA1DAL
00000522   DMA1SA
00000522   DMA1SAL
0000052a   DMA1SZ
00000530   DMA2CTL
00000531   DMA2CTL_H
00000530   DMA2CTL_L
00000536   DMA2DA
00000536   DMA2DAL
00000532   DMA2SA
00000532   DMA2SAL
0000053a   DMA2SZ
00000500   DMACTL0
00000501   DMACTL0_H
00000500   DMACTL0_L
00000502   DMACTL1
00000503   DMACTL1_H
00000502   DMACTL1_L
00000504   DMACTL2
00000505   DMACTL2_H
00000504   DMACTL2_L
00000506   DMACTL3
00000507   DMACTL3_H
00000506   DMACTL3_L
00000508   DMACTL4
00000509   DMACTL4_H
00000508   DMACTL4_L
0000050e   DMAIV
0000050f   DMAIV_H
0000050e   DMAIV_L
00000140   FCTL1
00000141   FCTL1_H
00000140   FCTL1_L
00000144   FCTL3
00000145   FCTL3_H
00000144   FCTL3_L
00000146   FCTL4
00000147   FCTL4_H
00000146   FCTL4_L
00000a04   LCDBBLKCTL
00000a05   LCDBBLKCTL_H
00000a04   LCDBBLKCTL_L
00000a12   LCDBCPCTL
00000a13   LCDBCPCTL_H
00000a12   LCDBCPCTL_L
00000a00   LCDBCTL0
00000a01   LCDBCTL0_H
00000a00   LCDBCTL0_L
00000a02   LCDBCTL1
00000a03   LCDBCTL1_H
00000a02   LCDBCTL1_L
00000a1e   LCDBIV
00000a40   LCDBM1
00000a49   LCDBM10
00000a4a   LCDBM11
00000a4b   LCDBM12
00000a4c   LCDBM13
00000a4d   LCDBM14
00000a4e   LCDBM15
00000a4f   LCDBM16
00000a50   LCDBM17
00000a51   LCDBM18
00000a52   LCDBM19
00000a41   LCDBM2
00000a53   LCDBM20
00000a54   LCDBM21
00000a55   LCDBM22
00000a56   LCDBM23
00000a57   LCDBM24
00000a42   LCDBM3
00000a43   LCDBM4
00000a44   LCDBM5
00000a45   LCDBM6
00000a46   LCDBM7
00000a47   LCDBM8
00000a48   LCDBM9
00000a06   LCDBMEMCTL
00000a07   LCDBMEMCTL_H
00000a06   LCDBMEMCTL_L
00000a0a   LCDBPCTL0
00000a0b   LCDBPCTL0_H
00000a0a   LCDBPCTL0_L
00000a0c   LCDBPCTL1
00000a0d   LCDBPCTL1_H
00000a0c   LCDBPCTL1_L
00000a0e   LCDBPCTL2
00000a0f   LCDBPCTL2_H
00000a0e   LCDBPCTL2_L
00000a10   LCDBPCTL3
00000a11   LCDBPCTL3_H
00000a10   LCDBPCTL3_L
00000a08   LCDBVCTL
00000a09   LCDBVCTL_H
00000a08   LCDBVCTL_L
00000a20   LCDM1
00000a29   LCDM10
00000a2a   LCDM11
00000a2b   LCDM12
00000a2c   LCDM13
00000a2d   LCDM14
00000a2e   LCDM15
00000a2f   LCDM16
00000a30   LCDM17
00000a31   LCDM18
00000a32   LCDM19
00000a21   LCDM2
00000a33   LCDM20
00000a34   LCDM21
00000a35   LCDM22
00000a36   LCDM23
00000a37   LCDM24
00000a22   LCDM3
00000a23   LCDM4
00000a24   LCDM5
00000a25   LCDM6
00000a26   LCDM7
00000a27   LCDM8
00000a28   LCDM9
000004c4   MAC
000004da   MAC32H
000004db   MAC32H_H
000004da   MAC32H_L
000004d8   MAC32L
000004d9   MAC32L_H
000004d8   MAC32L_L
000004c6   MACS
000004de   MACS32H
000004df   MACS32H_H
000004de   MACS32H_L
000004dc   MACS32L
000004dd   MACS32L_H
000004dc   MACS32L_L
000004c7   MACS_H
000004c6   MACS_L
000004c5   MAC_H
000004c4   MAC_L
000004c0   MPY
000004ec   MPY32CTL0
000004ed   MPY32CTL0_H
000004ec   MPY32CTL0_L
000004d2   MPY32H
000004d3   MPY32H_H
000004d2   MPY32H_L
000004d0   MPY32L
000004d1   MPY32L_H
000004d0   MPY32L_L
000004c2   MPYS
000004d6   MPYS32H
000004d7   MPYS32H_H
000004d6   MPYS32H_L
000004d4   MPYS32L
000004d5   MPYS32L_H
000004d4   MPYS32L_L
000004c3   MPYS_H
000004c2   MPYS_L
000004c1   MPY_H
000004c0   MPY_L
000004c8   OP2
000004e2   OP2H
000004e3   OP2H_H
000004e2   OP2H_L
000004e0   OP2L
000004e1   OP2L_H
000004e0   OP2L_L
000004c9   OP2_H
000004c8   OP2_L
0000020e   P1IV
000001c8   P1MAP01
000001c9   P1MAP01_H
000001c8   P1MAP01_L
000001ca   P1MAP23
000001cb   P1MAP23_H
000001ca   P1MAP23_L
000001cc   P1MAP45
000001cd   P1MAP45_H
000001cc   P1MAP45_L
000001ce   P1MAP67
000001cf   P1MAP67_H
000001ce   P1MAP67_L
0000021e   P2IV
000001d0   P2MAP01
000001d1   P2MAP01_H
000001d0   P2MAP01_L
000001d2   P2MAP23
000001d3   P2MAP23_H
000001d2   P2MAP23_L
000001d4   P2MAP45
000001d5   P2MAP45_H
000001d4   P2MAP45_L
000001d6   P2MAP67
000001d7   P2MAP67_H
000001d6   P2MAP67_L
000001d8   P3MAP01
000001d9   P3MAP01_H
000001d8   P3MAP01_L
000001da   P3MAP23
000001db   P3MAP23_H
000001da   P3MAP23_L
000001dc   P3MAP45
000001dd   P3MAP45_H
000001dc   P3MAP45_L
000001de   P3MAP67
000001df   P3MAP67_H
000001de   P3MAP67_L
00000204   PADIR
00000205   PADIR_H
00000204   PADIR_L
00000208   PADS
00000209   PADS_H
00000208   PADS_L
0000021a   PAIE
00000218   PAIES
00000219   PAIES_H
00000218   PAIES_L
0000021b   PAIE_H
0000021a   PAIE_L
0000021c   PAIFG
0000021d   PAIFG_H
0000021c   PAIFG_L
00000200   PAIN
00000201   PAIN_H
00000200   PAIN_L
00000202   PAOUT
00000203   PAOUT_H
00000202   PAOUT_L
00000206   PAREN
00000207   PAREN_H
00000206   PAREN_L
0000020a   PASEL
0000020b   PASEL_H
0000020a   PASEL_L
00000224   PBDIR
00000225   PBDIR_H
00000224   PBDIR_L
00000228   PBDS
00000229   PBDS_H
00000228   PBDS_L
00000220   PBIN
00000221   PBIN_H
00000220   PBIN_L
00000222   PBOUT
00000223   PBOUT_H
00000222   PBOUT_L
00000226   PBREN
00000227   PBREN_H
00000226   PBREN_L
0000022a   PBSEL
0000022b   PBSEL_H
0000022a   PBSEL_L
00000244   PCDIR
00000245   PCDIR_H
00000244   PCDIR_L
00000248   PCDS
00000249   PCDS_H
00000248   PCDS_L
00000240   PCIN
00000241   PCIN_H
00000240   PCIN_L
00000242   PCOUT
00000243   PCOUT_H
00000242   PCOUT_L
00000246   PCREN
00000247   PCREN_H
00000246   PCREN_L
0000024a   PCSEL
0000024b   PCSEL_H
0000024a   PCSEL_L
00000324   PJDIR
00000325   PJDIR_H
00000324   PJDIR_L
00000328   PJDS
00000329   PJDS_H
00000328   PJDS_L
00000320   PJIN
00000321   PJIN_H
00000320   PJIN_L
00000322   PJOUT
00000323   PJOUT_H
00000322   PJOUT_L
00000326   PJREN
00000327   PJREN_H
00000326   PJREN_L
00000130   PM5CTL0
00000131   PM5CTL0_H
00000130   PM5CTL0_L
000001c2   PMAPCTL
000001c3   PMAPCTL_H
000001c2   PMAPCTL_L
000001c0   PMAPKEYID
000001c1   PMAPKEYID_H
000001c0   PMAPKEYID_L
00000120   PMMCTL0
00000121   PMMCTL0_H
00000120   PMMCTL0_L
00000122   PMMCTL1
00000123   PMMCTL1_H
00000122   PMMCTL1_L
0000012c   PMMIFG
0000012d   PMMIFG_H
0000012c   PMMIFG_L
0000012e   PMMRIE
0000012f   PMMRIE_H
0000012e   PMMRIE_L
00009e7e   PORT2_ISR
00000158   RCCTL0
00000159   RCCTL0_H
00000158   RCCTL0_L
000001b0   REFCTL0
000001b1   REFCTL0_H
000001b0   REFCTL0_L
000004e4   RES0
000004e5   RES0_H
000004e4   RES0_L
000004e6   RES1
000004e7   RES1_H
000004e6   RES1_L
000004e8   RES2
000004e9   RES2_H
000004e8   RES2_L
000004ea   RES3
000004eb   RES3_H
000004ea   RES3_L
000004cc   RESHI
000004cd   RESHI_H
000004cc   RESHI_L
000004ca   RESLO
000004cb   RESLO_H
000004ca   RESLO_L
00000f16   RF1ADINW
00000f17   RF1ADINW_H
00000f16   RF1ADINW_L
00000f28   RF1ADOUT0W
00000f29   RF1ADOUT0W_H
00000f28   RF1ADOUT0W_L
00000f2a   RF1ADOUT1W
00000f2b   RF1ADOUT1W_H
00000f2a   RF1ADOUT1W_L
00000f2c   RF1ADOUT2W
00000f2d   RF1ADOUT2W_H
00000f2c   RF1ADOUT2W_L
00000f36   RF1AIE
00000f34   RF1AIES
00000f35   RF1AIES_H
00000f34   RF1AIES_L
00000f37   RF1AIE_H
00000f36   RF1AIE_L
00000f00   RF1AIFCTL0
00000f01   RF1AIFCTL0_H
00000f00   RF1AIFCTL0_L
00000f02   RF1AIFCTL1
00000f03   RF1AIFCTL1_H
00000f02   RF1AIFCTL1_L
00000f04   RF1AIFCTL2
00000f05   RF1AIFCTL2_H
00000f04   RF1AIFCTL2_L
00000f06   RF1AIFERR
00000f0c   RF1AIFERRV
00000f0d   RF1AIFERRV_H
00000f0c   RF1AIFERRV_L
00000f07   RF1AIFERR_H
00000f06   RF1AIFERR_L
00000f32   RF1AIFG
00000f33   RF1AIFG_H
00000f32   RF1AIFG_L
00000f0e   RF1AIFIV
00000f0f   RF1AIFIV_H
00000f0e   RF1AIFIV_L
00000f30   RF1AIN
00000f12   RF1AINSTR1W
00000f13   RF1AINSTR1W_H
00000f12   RF1AINSTR1W_L
00000f14   RF1AINSTR2W
00000f15   RF1AINSTR2W_H
00000f14   RF1AINSTR2W_L
00000f10   RF1AINSTRW
00000f11   RF1AINSTRW_H
00000f10   RF1AINSTRW_L
00000f31   RF1AIN_H
00000f30   RF1AIN_L
00000f38   RF1AIV
00000f39   RF1AIV_H
00000f38   RF1AIV_L
00000f3c   RF1ARXFIFO
00000f3d   RF1ARXFIFO_H
00000f3c   RF1ARXFIFO_L
00000f20   RF1ASTAT0W
00000f21   RF1ASTAT0W_H
00000f20   RF1ASTAT0W_L
00000f22   RF1ASTAT1W
00000f23   RF1ASTAT1W_H
00000f22   RF1ASTAT1W_L
00000f24   RF1ASTAT2W
00000f25   RF1ASTAT2W_H
00000f24   RF1ASTAT2W_L
00000f3e   RF1ATXFIFO
00000f3f   RF1ATXFIFO_H
00000f3e   RF1ATXFIFO_L
000004ba   RTCADOWDAY
000004bb   RTCADOWDAY_H
000004ba   RTCADOWDAY_L
000004b8   RTCAMINHR
000004b9   RTCAMINHR_H
000004b8   RTCAMINHR_L
000004a0   RTCCTL01
000004a1   RTCCTL01_H
000004a0   RTCCTL01_L
000004a2   RTCCTL23
000004a3   RTCCTL23_H
000004a2   RTCCTL23_L
000004b4   RTCDATE
000004b5   RTCDATE_H
000004b4   RTCDATE_L
000004ae   RTCIV
000004ac   RTCPS
000004a8   RTCPS0CTL
000004a9   RTCPS0CTL_H
000004a8   RTCPS0CTL_L
000004aa   RTCPS1CTL
000004ab   RTCPS1CTL_H
000004aa   RTCPS1CTL_L
000004ad   RTCPS_H
000004ac   RTCPS_L
000004b0   RTCTIM0
000004b1   RTCTIM0_H
000004b0   RTCTIM0_L
000004b2   RTCTIM1
000004b3   RTCTIM1_H
000004b2   RTCTIM1_L
000004b6   RTCYEAR
000004b7   RTCYEAR_H
000004b6   RTCYEAR_L
00009a82   ReadParameter
00009c0c   ReadSingleReg
00009dbc   ResetRadioCore
00001c7e   Result_lower16
00001c80   Result_upper16
00000100   SFRIE1
00000101   SFRIE1_H
00000100   SFRIE1_L
00000102   SFRIFG1
00000103   SFRIFG1_H
00000102   SFRIFG1_L
00000104   SFRRPCR
00000105   SFRRPCR_H
00000104   SFRRPCR_L
000004ce   SUMEXT
000004cf   SUMEXT_H
000004ce   SUMEXT_L
00000124   SVSMHCTL
00000125   SVSMHCTL_H
00000124   SVSMHCTL_L
00000128   SVSMIO
00000129   SVSMIO_H
00000128   SVSMIO_L
00000126   SVSMLCTL
00000127   SVSMLCTL_H
00000126   SVSMLCTL_L
00000198   SYSBERRIV
00000199   SYSBERRIV_H
00000198   SYSBERRIV_L
00000182   SYSBSLC
00000183   SYSBSLC_H
00000182   SYSBSLC_L
00000180   SYSCTL
00000181   SYSCTL_H
00000180   SYSCTL_L
00000186   SYSJMBC
00000187   SYSJMBC_H
00000186   SYSJMBC_L
00000188   SYSJMBI0
00000189   SYSJMBI0_H
00000188   SYSJMBI0_L
0000018a   SYSJMBI1
0000018b   SYSJMBI1_H
0000018a   SYSJMBI1_L
0000018c   SYSJMBO0
0000018d   SYSJMBO0_H
0000018c   SYSJMBO0_L
0000018e   SYSJMBO1
0000018f   SYSJMBO1_H
0000018e   SYSJMBO1_L
0000019e   SYSRSTIV
0000019f   SYSRSTIV_H
0000019e   SYSRSTIV_L
0000019c   SYSSNIV
0000019d   SYSSNIV_H
0000019c   SYSSNIV_L
0000019a   SYSUNIV
0000019b   SYSUNIV_H
0000019a   SYSUNIV_L
0000997c   SetVCore
0000910a   Strobe
00000352   TA0CCR0
00000354   TA0CCR1
00000356   TA0CCR2
00000358   TA0CCR3
0000035a   TA0CCR4
00000342   TA0CCTL0
00000344   TA0CCTL1
00000346   TA0CCTL2
00000348   TA0CCTL3
0000034a   TA0CCTL4
00000340   TA0CTL
00000360   TA0EX0
0000036e   TA0IV
00000350   TA0R
00000392   TA1CCR0
00000394   TA1CCR1
00000396   TA1CCR2
00000382   TA1CCTL0
00000384   TA1CCTL1
00000386   TA1CCTL2
00000380   TA1CTL
000003a0   TA1EX0
000003ae   TA1IV
00000390   TA1R
000099be   TIMER0_A0_ISR
00009c90   Transmit
0000905a   TransmitAS
000005d0   UCA0ABCTL
000005c6   UCA0BRW
000005c7   UCA0BRW_H
000005c6   UCA0BRW_L
000005c0   UCA0CTLW0
000005c1   UCA0CTLW0_H
000005c0   UCA0CTLW0_L
000005dc   UCA0ICTL
000005dd   UCA0ICTL_H
000005dc   UCA0ICTL_L
000005d2   UCA0IRCTL
000005d3   UCA0IRCTL_H
000005d2   UCA0IRCTL_L
000005de   UCA0IV
000005c8   UCA0MCTL
000005cc   UCA0RXBUF
000005ca   UCA0STAT
000005ce   UCA0TXBUF
000005e6   UCB0BRW
000005e7   UCB0BRW_H
000005e6   UCB0BRW_L
000005e0   UCB0CTLW0
000005e1   UCB0CTLW0_H
000005e0   UCB0CTLW0_L
000005f0   UCB0I2COA
000005f1   UCB0I2COA_H
000005f0   UCB0I2COA_L
000005f2   UCB0I2CSA
000005f3   UCB0I2CSA_H
000005f2   UCB0I2CSA_L
000005fc   UCB0ICTL
000005fd   UCB0ICTL_H
000005fc   UCB0ICTL_L
000005fe   UCB0IV
000005ec   UCB0RXBUF
000005ea   UCB0STAT
000005ee   UCB0TXBUF
00000160   UCSCTL0
00000161   UCSCTL0_H
00000160   UCSCTL0_L
00000162   UCSCTL1
00000163   UCSCTL1_H
00000162   UCSCTL1_L
00000164   UCSCTL2
00000165   UCSCTL2_H
00000164   UCSCTL2_L
00000166   UCSCTL3
00000167   UCSCTL3_H
00000166   UCSCTL3_L
00000168   UCSCTL4
00000169   UCSCTL4_H
00000168   UCSCTL4_L
0000016a   UCSCTL5
0000016b   UCSCTL5_H
0000016a   UCSCTL5_L
0000016c   UCSCTL6
0000016d   UCSCTL6_H
0000016c   UCSCTL6_L
0000016e   UCSCTL7
0000016f   UCSCTL7_H
0000016e   UCSCTL7_L
00000170   UCSCTL8
00000171   UCSCTL8_H
00000170   UCSCTL8_L
0000015c   WDTCTL
0000015d   WDTCTL_H
0000015c   WDTCTL_L
00009b3e   WriteBurstReg
00009cb8   WritePATable
00009d66   WriteSingleReg
00002bfc   __STACK_END
00000050   __STACK_SIZE
00009ebc   __TI_CINIT_Base
00009ec4   __TI_CINIT_Limit
00009eb2   __TI_Handler_Table_Base
00009eb8   __TI_Handler_Table_Limit
UNDEFED    __TI_INITARRAY_Base
UNDEFED    __TI_INITARRAY_Limit
00000001   __TI_args_main
00009de0   __TI_decompress_none
00009e8c   __TI_decompress_rle24
00000001   __TI_exit
00009d94   __TI_zero_init
ffffffff   __binit__
ffffffff   __c_args__
000082f8   __mspabi_addd
00009516   __mspabi_cvtfd
00009d7e   __mspabi_divu
00009ce0   __mspabi_fixdi
0000940a   __mspabi_fixdli
00009dce   __mspabi_fixdu
00009380   __mspabi_fixdul
00009e86   __mspabi_fltud
00009d08   __mspabi_fltuf
000092f0   __mspabi_fltuld
00009e42   __mspabi_func_epilog_1
00009e40   __mspabi_func_epilog_2
00009e3e   __mspabi_func_epilog_3
00009e3c   __mspabi_func_epilog_4
00009e3a   __mspabi_func_epilog_5
00009e38   __mspabi_func_epilog_6
00009e36   __mspabi_func_epilog_7
0000884e   __mspabi_mpyd
00008ed8   __mspabi_mpyf
00009da8   __mspabi_mpyi_f5hw
00009d2c   __mspabi_mpyl_f5hw
00009d7e   __mspabi_remu
00009c64   __mspabi_slli
00009c8c   __mspabi_slli_1
00009c7a   __mspabi_slli_10
00009c78   __mspabi_slli_11
00009c76   __mspabi_slli_12
00009c74   __mspabi_slli_13
00009c72   __mspabi_slli_14
00009c70   __mspabi_slli_15
00009c8a   __mspabi_slli_2
00009c88   __mspabi_slli_3
00009c86   __mspabi_slli_4
00009c84   __mspabi_slli_5
00009c82   __mspabi_slli_6
00009c80   __mspabi_slli_7
00009c7e   __mspabi_slli_8
00009c7c   __mspabi_slli_9
00009e26   __mspabi_slll
00009b38   __mspabi_slll_1
00009b14   __mspabi_slll_10
00009b10   __mspabi_slll_11
00009b0c   __mspabi_slll_12
00009b08   __mspabi_slll_13
00009b04   __mspabi_slll_14
00009b00   __mspabi_slll_15
00009b34   __mspabi_slll_2
00009b30   __mspabi_slll_3
00009b2c   __mspabi_slll_4
00009b28   __mspabi_slll_5
00009b24   __mspabi_slll_6
00009b20   __mspabi_slll_7
00009b1c   __mspabi_slll_8
00009b18   __mspabi_slll_9
00009c38   __mspabi_srai
00009c60   __mspabi_srai_1
00009c4e   __mspabi_srai_10
00009c4c   __mspabi_srai_11
00009c4a   __mspabi_srai_12
00009c48   __mspabi_srai_13
00009c46   __mspabi_srai_14
00009c44   __mspabi_srai_15
00009c5e   __mspabi_srai_2
00009c5c   __mspabi_srai_3
00009c5a   __mspabi_srai_4
00009c58   __mspabi_srai_5
00009c56   __mspabi_srai_6
00009c54   __mspabi_srai_7
00009c52   __mspabi_srai_8
00009c50   __mspabi_srai_9
00009e16   __mspabi_sral
00009afa   __mspabi_sral_1
00009ad6   __mspabi_sral_10
00009ad2   __mspabi_sral_11
00009ace   __mspabi_sral_12
00009aca   __mspabi_sral_13
00009ac6   __mspabi_sral_14
00009ac2   __mspabi_sral_15
00009af6   __mspabi_sral_2
00009af2   __mspabi_sral_3
00009aee   __mspabi_sral_4
00009aea   __mspabi_sral_5
00009ae6   __mspabi_sral_6
00009ae2   __mspabi_sral_7
00009ade   __mspabi_sral_8
00009ada   __mspabi_sral_9
00009930   __mspabi_srli
00009976   __mspabi_srli_1
00009952   __mspabi_srli_10
0000994e   __mspabi_srli_11
0000994a   __mspabi_srli_12
00009946   __mspabi_srli_13
00009942   __mspabi_srli_14
0000993e   __mspabi_srli_15
00009972   __mspabi_srli_2
0000996e   __mspabi_srli_3
0000996a   __mspabi_srli_4
00009966   __mspabi_srli_5
00009962   __mspabi_srli_6
0000995e   __mspabi_srli_7
0000995a   __mspabi_srli_8
00009956   __mspabi_srli_9
00009df2   __mspabi_srll
0000983e   __mspabi_srll_1
00009808   __mspabi_srll_10
00009802   __mspabi_srll_11
000097fc   __mspabi_srll_12
000097f6   __mspabi_srll_13
000097f0   __mspabi_srll_14
000097ea   __mspabi_srll_15
00009838   __mspabi_srll_2
00009832   __mspabi_srll_3
0000982c   __mspabi_srll_4
00009826   __mspabi_srll_5
00009820   __mspabi_srll_6
0000981a   __mspabi_srll_7
00009814   __mspabi_srll_8
0000980e   __mspabi_srll_9
0000978c   _auto_init
00009d4c   _c_int00
00009d4c   _c_int00_noexit
000085e0   _frcaddd
00008000   _frcmpyd
00008f9a   _renormd
0000fffe   _reset_vector
00002bac   _stack
00009e92   _system_pre_init
00009e96   abort
00009e46   acceleration_value_is_positive
00009bde   as_init
00001c90   as_ok
00009596   as_read_register
00009a00   as_start
00009bac   as_stop
00009600   as_write_register
ffffffff   binit
00009846   bmp_as_get_data
00009e60   bmp_as_read_register
0000966a   bmp_as_start
00009bac   bmp_as_stop
00009e6a   bmp_as_write_register
00001c02   buffer
00001c9a   buttonPressed
00001c7c   checksum
00009b78   configure_ports
000098e4   convert_acceleration_value_to_mgrav
00001c92   counter
00009e74   do_acceleration_measurement
00001c7a   fecNum
00001c74   fecOutput
00001c72   fecReg
00009250   get_acceleration
00001c08   i
00001c96   iAS_flag
00001c00   iBufferLength
00001c0c   iRandom
00001c94   iSide1
00008aa4   initRadio
00001c98   inputNum
00001c76   intOutput
00001c6e   j
000096ce   main
00009e04   memcpy
00009e9a   mgrav_per_bit
00001c9c   packetReceived
00001c9d   packetTransmit
00001c0a   powerup
00008ca0   read_voltage
00001c82   sAccel
00001c0e   txBuffer
00001c3e   txBufferT
00001c70   val


GLOBAL SYMBOLS: SORTED BY Symbol Address 

address    name
--------   ----
00000001   __TI_args_main
00000001   __TI_exit
00000050   __STACK_SIZE
00000100   SFRIE1
00000100   SFRIE1_L
00000101   SFRIE1_H
00000102   SFRIFG1
00000102   SFRIFG1_L
00000103   SFRIFG1_H
00000104   SFRRPCR
00000104   SFRRPCR_L
00000105   SFRRPCR_H
00000120   PMMCTL0
00000120   PMMCTL0_L
00000121   PMMCTL0_H
00000122   PMMCTL1
00000122   PMMCTL1_L
00000123   PMMCTL1_H
00000124   SVSMHCTL
00000124   SVSMHCTL_L
00000125   SVSMHCTL_H
00000126   SVSMLCTL
00000126   SVSMLCTL_L
00000127   SVSMLCTL_H
00000128   SVSMIO
00000128   SVSMIO_L
00000129   SVSMIO_H
0000012c   PMMIFG
0000012c   PMMIFG_L
0000012d   PMMIFG_H
0000012e   PMMRIE
0000012e   PMMRIE_L
0000012f   PMMRIE_H
00000130   PM5CTL0
00000130   PM5CTL0_L
00000131   PM5CTL0_H
00000140   FCTL1
00000140   FCTL1_L
00000141   FCTL1_H
00000144   FCTL3
00000144   FCTL3_L
00000145   FCTL3_H
00000146   FCTL4
00000146   FCTL4_L
00000147   FCTL4_H
00000150   CRCDI
00000150   CRCDI_L
00000151   CRCDI_H
00000152   CRCDIRB
00000152   CRCDIRB_L
00000153   CRCDIRB_H
00000154   CRCINIRES
00000154   CRCINIRES_L
00000155   CRCINIRES_H
00000156   CRCRESR
00000156   CRCRESR_L
00000157   CRCRESR_H
00000158   RCCTL0
00000158   RCCTL0_L
00000159   RCCTL0_H
0000015c   WDTCTL
0000015c   WDTCTL_L
0000015d   WDTCTL_H
00000160   UCSCTL0
00000160   UCSCTL0_L
00000161   UCSCTL0_H
00000162   UCSCTL1
00000162   UCSCTL1_L
00000163   UCSCTL1_H
00000164   UCSCTL2
00000164   UCSCTL2_L
00000165   UCSCTL2_H
00000166   UCSCTL3
00000166   UCSCTL3_L
00000167   UCSCTL3_H
00000168   UCSCTL4
00000168   UCSCTL4_L
00000169   UCSCTL4_H
0000016a   UCSCTL5
0000016a   UCSCTL5_L
0000016b   UCSCTL5_H
0000016c   UCSCTL6
0000016c   UCSCTL6_L
0000016d   UCSCTL6_H
0000016e   UCSCTL7
0000016e   UCSCTL7_L
0000016f   UCSCTL7_H
00000170   UCSCTL8
00000170   UCSCTL8_L
00000171   UCSCTL8_H
00000180   SYSCTL
00000180   SYSCTL_L
00000181   SYSCTL_H
00000182   SYSBSLC
00000182   SYSBSLC_L
00000183   SYSBSLC_H
00000186   SYSJMBC
00000186   SYSJMBC_L
00000187   SYSJMBC_H
00000188   SYSJMBI0
00000188   SYSJMBI0_L
00000189   SYSJMBI0_H
0000018a   SYSJMBI1
0000018a   SYSJMBI1_L
0000018b   SYSJMBI1_H
0000018c   SYSJMBO0
0000018c   SYSJMBO0_L
0000018d   SYSJMBO0_H
0000018e   SYSJMBO1
0000018e   SYSJMBO1_L
0000018f   SYSJMBO1_H
00000198   SYSBERRIV
00000198   SYSBERRIV_L
00000199   SYSBERRIV_H
0000019a   SYSUNIV
0000019a   SYSUNIV_L
0000019b   SYSUNIV_H
0000019c   SYSSNIV
0000019c   SYSSNIV_L
0000019d   SYSSNIV_H
0000019e   SYSRSTIV
0000019e   SYSRSTIV_L
0000019f   SYSRSTIV_H
000001b0   REFCTL0
000001b0   REFCTL0_L
000001b1   REFCTL0_H
000001c0   PMAPKEYID
000001c0   PMAPKEYID_L
000001c1   PMAPKEYID_H
000001c2   PMAPCTL
000001c2   PMAPCTL_L
000001c3   PMAPCTL_H
000001c8   P1MAP01
000001c8   P1MAP01_L
000001c9   P1MAP01_H
000001ca   P1MAP23
000001ca   P1MAP23_L
000001cb   P1MAP23_H
000001cc   P1MAP45
000001cc   P1MAP45_L
000001cd   P1MAP45_H
000001ce   P1MAP67
000001ce   P1MAP67_L
000001cf   P1MAP67_H
000001d0   P2MAP01
000001d0   P2MAP01_L
000001d1   P2MAP01_H
000001d2   P2MAP23
000001d2   P2MAP23_L
000001d3   P2MAP23_H
000001d4   P2MAP45
000001d4   P2MAP45_L
000001d5   P2MAP45_H
000001d6   P2MAP67
000001d6   P2MAP67_L
000001d7   P2MAP67_H
000001d8   P3MAP01
000001d8   P3MAP01_L
000001d9   P3MAP01_H
000001da   P3MAP23
000001da   P3MAP23_L
000001db   P3MAP23_H
000001dc   P3MAP45
000001dc   P3MAP45_L
000001dd   P3MAP45_H
000001de   P3MAP67
000001de   P3MAP67_L
000001df   P3MAP67_H
00000200   PAIN
00000200   PAIN_L
00000201   PAIN_H
00000202   PAOUT
00000202   PAOUT_L
00000203   PAOUT_H
00000204   PADIR
00000204   PADIR_L
00000205   PADIR_H
00000206   PAREN
00000206   PAREN_L
00000207   PAREN_H
00000208   PADS
00000208   PADS_L
00000209   PADS_H
0000020a   PASEL
0000020a   PASEL_L
0000020b   PASEL_H
0000020e   P1IV
00000218   PAIES
00000218   PAIES_L
00000219   PAIES_H
0000021a   PAIE
0000021a   PAIE_L
0000021b   PAIE_H
0000021c   PAIFG
0000021c   PAIFG_L
0000021d   PAIFG_H
0000021e   P2IV
00000220   PBIN
00000220   PBIN_L
00000221   PBIN_H
00000222   PBOUT
00000222   PBOUT_L
00000223   PBOUT_H
00000224   PBDIR
00000224   PBDIR_L
00000225   PBDIR_H
00000226   PBREN
00000226   PBREN_L
00000227   PBREN_H
00000228   PBDS
00000228   PBDS_L
00000229   PBDS_H
0000022a   PBSEL
0000022a   PBSEL_L
0000022b   PBSEL_H
00000240   PCIN
00000240   PCIN_L
00000241   PCIN_H
00000242   PCOUT
00000242   PCOUT_L
00000243   PCOUT_H
00000244   PCDIR
00000244   PCDIR_L
00000245   PCDIR_H
00000246   PCREN
00000246   PCREN_L
00000247   PCREN_H
00000248   PCDS
00000248   PCDS_L
00000249   PCDS_H
0000024a   PCSEL
0000024a   PCSEL_L
0000024b   PCSEL_H
00000320   PJIN
00000320   PJIN_L
00000321   PJIN_H
00000322   PJOUT
00000322   PJOUT_L
00000323   PJOUT_H
00000324   PJDIR
00000324   PJDIR_L
00000325   PJDIR_H
00000326   PJREN
00000326   PJREN_L
00000327   PJREN_H
00000328   PJDS
00000328   PJDS_L
00000329   PJDS_H
00000340   TA0CTL
00000342   TA0CCTL0
00000344   TA0CCTL1
00000346   TA0CCTL2
00000348   TA0CCTL3
0000034a   TA0CCTL4
00000350   TA0R
00000352   TA0CCR0
00000354   TA0CCR1
00000356   TA0CCR2
00000358   TA0CCR3
0000035a   TA0CCR4
00000360   TA0EX0
0000036e   TA0IV
00000380   TA1CTL
00000382   TA1CCTL0
00000384   TA1CCTL1
00000386   TA1CCTL2
00000390   TA1R
00000392   TA1CCR0
00000394   TA1CCR1
00000396   TA1CCR2
000003a0   TA1EX0
000003ae   TA1IV
000004a0   RTCCTL01
000004a0   RTCCTL01_L
000004a1   RTCCTL01_H
000004a2   RTCCTL23
000004a2   RTCCTL23_L
000004a3   RTCCTL23_H
000004a8   RTCPS0CTL
000004a8   RTCPS0CTL_L
000004a9   RTCPS0CTL_H
000004aa   RTCPS1CTL
000004aa   RTCPS1CTL_L
000004ab   RTCPS1CTL_H
000004ac   RTCPS
000004ac   RTCPS_L
000004ad   RTCPS_H
000004ae   RTCIV
000004b0   RTCTIM0
000004b0   RTCTIM0_L
000004b1   RTCTIM0_H
000004b2   RTCTIM1
000004b2   RTCTIM1_L
000004b3   RTCTIM1_H
000004b4   RTCDATE
000004b4   RTCDATE_L
000004b5   RTCDATE_H
000004b6   RTCYEAR
000004b6   RTCYEAR_L
000004b7   RTCYEAR_H
000004b8   RTCAMINHR
000004b8   RTCAMINHR_L
000004b9   RTCAMINHR_H
000004ba   RTCADOWDAY
000004ba   RTCADOWDAY_L
000004bb   RTCADOWDAY_H
000004bc   BIN2BCD
000004be   BCD2BIN
000004c0   MPY
000004c0   MPY_L
000004c1   MPY_H
000004c2   MPYS
000004c2   MPYS_L
000004c3   MPYS_H
000004c4   MAC
000004c4   MAC_L
000004c5   MAC_H
000004c6   MACS
000004c6   MACS_L
000004c7   MACS_H
000004c8   OP2
000004c8   OP2_L
000004c9   OP2_H
000004ca   RESLO
000004ca   RESLO_L
000004cb   RESLO_H
000004cc   RESHI
000004cc   RESHI_L
000004cd   RESHI_H
000004ce   SUMEXT
000004ce   SUMEXT_L
000004cf   SUMEXT_H
000004d0   MPY32L
000004d0   MPY32L_L
000004d1   MPY32L_H
000004d2   MPY32H
000004d2   MPY32H_L
000004d3   MPY32H_H
000004d4   MPYS32L
000004d4   MPYS32L_L
000004d5   MPYS32L_H
000004d6   MPYS32H
000004d6   MPYS32H_L
000004d7   MPYS32H_H
000004d8   MAC32L
000004d8   MAC32L_L
000004d9   MAC32L_H
000004da   MAC32H
000004da   MAC32H_L
000004db   MAC32H_H
000004dc   MACS32L
000004dc   MACS32L_L
000004dd   MACS32L_H
000004de   MACS32H
000004de   MACS32H_L
000004df   MACS32H_H
000004e0   OP2L
000004e0   OP2L_L
000004e1   OP2L_H
000004e2   OP2H
000004e2   OP2H_L
000004e3   OP2H_H
000004e4   RES0
000004e4   RES0_L
000004e5   RES0_H
000004e6   RES1
000004e6   RES1_L
000004e7   RES1_H
000004e8   RES2
000004e8   RES2_L
000004e9   RES2_H
000004ea   RES3
000004ea   RES3_L
000004eb   RES3_H
000004ec   MPY32CTL0
000004ec   MPY32CTL0_L
000004ed   MPY32CTL0_H
00000500   DMACTL0
00000500   DMACTL0_L
00000501   DMACTL0_H
00000502   DMACTL1
00000502   DMACTL1_L
00000503   DMACTL1_H
00000504   DMACTL2
00000504   DMACTL2_L
00000505   DMACTL2_H
00000506   DMACTL3
00000506   DMACTL3_L
00000507   DMACTL3_H
00000508   DMACTL4
00000508   DMACTL4_L
00000509   DMACTL4_H
0000050e   DMAIV
0000050e   DMAIV_L
0000050f   DMAIV_H
00000510   DMA0CTL
00000510   DMA0CTL_L
00000511   DMA0CTL_H
00000512   DMA0SA
00000512   DMA0SAL
00000516   DMA0DA
00000516   DMA0DAL
0000051a   DMA0SZ
00000520   DMA1CTL
00000520   DMA1CTL_L
00000521   DMA1CTL_H
00000522   DMA1SA
00000522   DMA1SAL
00000526   DMA1DA
00000526   DMA1DAL
0000052a   DMA1SZ
00000530   DMA2CTL
00000530   DMA2CTL_L
00000531   DMA2CTL_H
00000532   DMA2SA
00000532   DMA2SAL
00000536   DMA2DA
00000536   DMA2DAL
0000053a   DMA2SZ
000005c0   UCA0CTLW0
000005c0   UCA0CTLW0_L
000005c1   UCA0CTLW0_H
000005c6   UCA0BRW
000005c6   UCA0BRW_L
000005c7   UCA0BRW_H
000005c8   UCA0MCTL
000005ca   UCA0STAT
000005cc   UCA0RXBUF
000005ce   UCA0TXBUF
000005d0   UCA0ABCTL
000005d2   UCA0IRCTL
000005d2   UCA0IRCTL_L
000005d3   UCA0IRCTL_H
000005dc   UCA0ICTL
000005dc   UCA0ICTL_L
000005dd   UCA0ICTL_H
000005de   UCA0IV
000005e0   UCB0CTLW0
000005e0   UCB0CTLW0_L
000005e1   UCB0CTLW0_H
000005e6   UCB0BRW
000005e6   UCB0BRW_L
000005e7   UCB0BRW_H
000005ea   UCB0STAT
000005ec   UCB0RXBUF
000005ee   UCB0TXBUF
000005f0   UCB0I2COA
000005f0   UCB0I2COA_L
000005f1   UCB0I2COA_H
000005f2   UCB0I2CSA
000005f2   UCB0I2CSA_L
000005f3   UCB0I2CSA_H
000005fc   UCB0ICTL
000005fc   UCB0ICTL_L
000005fd   UCB0ICTL_H
000005fe   UCB0IV
00000740   ADC10CTL0
00000740   ADC10CTL0_L
00000741   ADC10CTL0_H
00000742   ADC10CTL1
00000742   ADC10CTL1_L
00000743   ADC10CTL1_H
00000744   ADC10CTL2
00000744   ADC10CTL2_L
00000745   ADC10CTL2_H
00000746   ADC10LO
00000746   ADC10LO_L
00000747   ADC10LO_H
00000748   ADC10HI
00000748   ADC10HI_L
00000749   ADC10HI_H
0000074a   ADC10MCTL0
0000074a   ADC10MCTL0_L
0000074b   ADC10MCTL0_H
00000752   ADC10MEM0
00000752   ADC10MEM0_L
00000753   ADC10MEM0_H
0000075a   ADC10IE
0000075a   ADC10IE_L
0000075b   ADC10IE_H
0000075c   ADC10IFG
0000075c   ADC10IFG_L
0000075d   ADC10IFG_H
0000075e   ADC10IV
0000075e   ADC10IV_L
0000075f   ADC10IV_H
000008c0   CBCTL0
000008c0   CBCTL0_L
000008c1   CBCTL0_H
000008c2   CBCTL1
000008c2   CBCTL1_L
000008c3   CBCTL1_H
000008c4   CBCTL2
000008c4   CBCTL2_L
000008c5   CBCTL2_H
000008c6   CBCTL3
000008c6   CBCTL3_L
000008c7   CBCTL3_H
000008cc   CBINT
000008cc   CBINT_L
000008cd   CBINT_H
000008ce   CBIV
000009c0   AESACTL0
000009c0   AESACTL0_L
000009c1   AESACTL0_H
000009c4   AESASTAT
000009c4   AESASTAT_L
000009c5   AESASTAT_H
000009c6   AESAKEY
000009c6   AESAKEY_L
000009c7   AESAKEY_H
000009c8   AESADIN
000009c8   AESADIN_L
000009c9   AESADIN_H
000009ca   AESADOUT
000009ca   AESADOUT_L
000009cb   AESADOUT_H
00000a00   LCDBCTL0
00000a00   LCDBCTL0_L
00000a01   LCDBCTL0_H
00000a02   LCDBCTL1
00000a02   LCDBCTL1_L
00000a03   LCDBCTL1_H
00000a04   LCDBBLKCTL
00000a04   LCDBBLKCTL_L
00000a05   LCDBBLKCTL_H
00000a06   LCDBMEMCTL
00000a06   LCDBMEMCTL_L
00000a07   LCDBMEMCTL_H
00000a08   LCDBVCTL
00000a08   LCDBVCTL_L
00000a09   LCDBVCTL_H
00000a0a   LCDBPCTL0
00000a0a   LCDBPCTL0_L
00000a0b   LCDBPCTL0_H
00000a0c   LCDBPCTL1
00000a0c   LCDBPCTL1_L
00000a0d   LCDBPCTL1_H
00000a0e   LCDBPCTL2
00000a0e   LCDBPCTL2_L
00000a0f   LCDBPCTL2_H
00000a10   LCDBPCTL3
00000a10   LCDBPCTL3_L
00000a11   LCDBPCTL3_H
00000a12   LCDBCPCTL
00000a12   LCDBCPCTL_L
00000a13   LCDBCPCTL_H
00000a1e   LCDBIV
00000a20   LCDM1
00000a21   LCDM2
00000a22   LCDM3
00000a23   LCDM4
00000a24   LCDM5
00000a25   LCDM6
00000a26   LCDM7
00000a27   LCDM8
00000a28   LCDM9
00000a29   LCDM10
00000a2a   LCDM11
00000a2b   LCDM12
00000a2c   LCDM13
00000a2d   LCDM14
00000a2e   LCDM15
00000a2f   LCDM16
00000a30   LCDM17
00000a31   LCDM18
00000a32   LCDM19
00000a33   LCDM20
00000a34   LCDM21
00000a35   LCDM22
00000a36   LCDM23
00000a37   LCDM24
00000a40   LCDBM1
00000a41   LCDBM2
00000a42   LCDBM3
00000a43   LCDBM4
00000a44   LCDBM5
00000a45   LCDBM6
00000a46   LCDBM7
00000a47   LCDBM8
00000a48   LCDBM9
00000a49   LCDBM10
00000a4a   LCDBM11
00000a4b   LCDBM12
00000a4c   LCDBM13
00000a4d   LCDBM14
00000a4e   LCDBM15
00000a4f   LCDBM16
00000a50   LCDBM17
00000a51   LCDBM18
00000a52   LCDBM19
00000a53   LCDBM20
00000a54   LCDBM21
00000a55   LCDBM22
00000a56   LCDBM23
00000a57   LCDBM24
00000f00   RF1AIFCTL0
00000f00   RF1AIFCTL0_L
00000f01   RF1AIFCTL0_H
00000f02   RF1AIFCTL1
00000f02   RF1AIFCTL1_L
00000f03   RF1AIFCTL1_H
00000f04   RF1AIFCTL2
00000f04   RF1AIFCTL2_L
00000f05   RF1AIFCTL2_H
00000f06   RF1AIFERR
00000f06   RF1AIFERR_L
00000f07   RF1AIFERR_H
00000f0c   RF1AIFERRV
00000f0c   RF1AIFERRV_L
00000f0d   RF1AIFERRV_H
00000f0e   RF1AIFIV
00000f0e   RF1AIFIV_L
00000f0f   RF1AIFIV_H
00000f10   RF1AINSTRW
00000f10   RF1AINSTRW_L
00000f11   RF1AINSTRW_H
00000f12   RF1AINSTR1W
00000f12   RF1AINSTR1W_L
00000f13   RF1AINSTR1W_H
00000f14   RF1AINSTR2W
00000f14   RF1AINSTR2W_L
00000f15   RF1AINSTR2W_H
00000f16   RF1ADINW
00000f16   RF1ADINW_L
00000f17   RF1ADINW_H
00000f20   RF1ASTAT0W
00000f20   RF1ASTAT0W_L
00000f21   RF1ASTAT0W_H
00000f22   RF1ASTAT1W
00000f22   RF1ASTAT1W_L
00000f23   RF1ASTAT1W_H
00000f24   RF1ASTAT2W
00000f24   RF1ASTAT2W_L
00000f25   RF1ASTAT2W_H
00000f28   RF1ADOUT0W
00000f28   RF1ADOUT0W_L
00000f29   RF1ADOUT0W_H
00000f2a   RF1ADOUT1W
00000f2a   RF1ADOUT1W_L
00000f2b   RF1ADOUT1W_H
00000f2c   RF1ADOUT2W
00000f2c   RF1ADOUT2W_L
00000f2d   RF1ADOUT2W_H
00000f30   RF1AIN
00000f30   RF1AIN_L
00000f31   RF1AIN_H
00000f32   RF1AIFG
00000f32   RF1AIFG_L
00000f33   RF1AIFG_H
00000f34   RF1AIES
00000f34   RF1AIES_L
00000f35   RF1AIES_H
00000f36   RF1AIE
00000f36   RF1AIE_L
00000f37   RF1AIE_H
00000f38   RF1AIV
00000f38   RF1AIV_L
00000f39   RF1AIV_H
00000f3c   RF1ARXFIFO
00000f3c   RF1ARXFIFO_L
00000f3d   RF1ARXFIFO_H
00000f3e   RF1ATXFIFO
00000f3e   RF1ATXFIFO_L
00000f3f   RF1ATXFIFO_H
00001c00   iBufferLength
00001c02   buffer
00001c08   i
00001c0a   powerup
00001c0c   iRandom
00001c0e   txBuffer
00001c3e   txBufferT
00001c6e   j
00001c70   val
00001c72   fecReg
00001c74   fecOutput
00001c76   intOutput
00001c7a   fecNum
00001c7c   checksum
00001c7e   Result_lower16
00001c80   Result_upper16
00001c82   sAccel
00001c90   as_ok
00001c92   counter
00001c94   iSide1
00001c96   iAS_flag
00001c98   inputNum
00001c9a   buttonPressed
00001c9c   packetReceived
00001c9d   packetTransmit
00002bac   _stack
00002bfc   __STACK_END
00008000   _frcmpyd
000082f8   __mspabi_addd
000085e0   _frcaddd
0000884e   __mspabi_mpyd
00008aa4   initRadio
00008ca0   read_voltage
00008ed8   __mspabi_mpyf
00008f9a   _renormd
0000905a   TransmitAS
0000910a   Strobe
00009250   get_acceleration
000092f0   __mspabi_fltuld
00009380   __mspabi_fixdul
0000940a   __mspabi_fixdli
00009492   CheckSide
00009516   __mspabi_cvtfd
00009596   as_read_register
00009600   as_write_register
0000966a   bmp_as_start
000096ce   main
0000978c   _auto_init
000097ea   __mspabi_srll_15
000097f0   __mspabi_srll_14
000097f6   __mspabi_srll_13
000097fc   __mspabi_srll_12
00009802   __mspabi_srll_11
00009808   __mspabi_srll_10
0000980e   __mspabi_srll_9
00009814   __mspabi_srll_8
0000981a   __mspabi_srll_7
00009820   __mspabi_srll_6
00009826   __mspabi_srll_5
0000982c   __mspabi_srll_4
00009832   __mspabi_srll_3
00009838   __mspabi_srll_2
0000983e   __mspabi_srll_1
00009846   bmp_as_get_data
000098e4   convert_acceleration_value_to_mgrav
00009930   __mspabi_srli
0000993e   __mspabi_srli_15
00009942   __mspabi_srli_14
00009946   __mspabi_srli_13
0000994a   __mspabi_srli_12
0000994e   __mspabi_srli_11
00009952   __mspabi_srli_10
00009956   __mspabi_srli_9
0000995a   __mspabi_srli_8
0000995e   __mspabi_srli_7
00009962   __mspabi_srli_6
00009966   __mspabi_srli_5
0000996a   __mspabi_srli_4
0000996e   __mspabi_srli_3
00009972   __mspabi_srli_2
00009976   __mspabi_srli_1
0000997c   SetVCore
000099be   TIMER0_A0_ISR
00009a00   as_start
00009a42   CC1101_ISR
00009a82   ReadParameter
00009ac2   __mspabi_sral_15
00009ac6   __mspabi_sral_14
00009aca   __mspabi_sral_13
00009ace   __mspabi_sral_12
00009ad2   __mspabi_sral_11
00009ad6   __mspabi_sral_10
00009ada   __mspabi_sral_9
00009ade   __mspabi_sral_8
00009ae2   __mspabi_sral_7
00009ae6   __mspabi_sral_6
00009aea   __mspabi_sral_5
00009aee   __mspabi_sral_4
00009af2   __mspabi_sral_3
00009af6   __mspabi_sral_2
00009afa   __mspabi_sral_1
00009b00   __mspabi_slll_15
00009b04   __mspabi_slll_14
00009b08   __mspabi_slll_13
00009b0c   __mspabi_slll_12
00009b10   __mspabi_slll_11
00009b14   __mspabi_slll_10
00009b18   __mspabi_slll_9
00009b1c   __mspabi_slll_8
00009b20   __mspabi_slll_7
00009b24   __mspabi_slll_6
00009b28   __mspabi_slll_5
00009b2c   __mspabi_slll_4
00009b30   __mspabi_slll_3
00009b34   __mspabi_slll_2
00009b38   __mspabi_slll_1
00009b3e   WriteBurstReg
00009b78   configure_ports
00009bac   as_stop
00009bac   bmp_as_stop
00009bde   as_init
00009c0c   ReadSingleReg
00009c38   __mspabi_srai
00009c44   __mspabi_srai_15
00009c46   __mspabi_srai_14
00009c48   __mspabi_srai_13
00009c4a   __mspabi_srai_12
00009c4c   __mspabi_srai_11
00009c4e   __mspabi_srai_10
00009c50   __mspabi_srai_9
00009c52   __mspabi_srai_8
00009c54   __mspabi_srai_7
00009c56   __mspabi_srai_6
00009c58   __mspabi_srai_5
00009c5a   __mspabi_srai_4
00009c5c   __mspabi_srai_3
00009c5e   __mspabi_srai_2
00009c60   __mspabi_srai_1
00009c64   __mspabi_slli
00009c70   __mspabi_slli_15
00009c72   __mspabi_slli_14
00009c74   __mspabi_slli_13
00009c76   __mspabi_slli_12
00009c78   __mspabi_slli_11
00009c7a   __mspabi_slli_10
00009c7c   __mspabi_slli_9
00009c7e   __mspabi_slli_8
00009c80   __mspabi_slli_7
00009c82   __mspabi_slli_6
00009c84   __mspabi_slli_5
00009c86   __mspabi_slli_4
00009c88   __mspabi_slli_3
00009c8a   __mspabi_slli_2
00009c8c   __mspabi_slli_1
00009c90   Transmit
00009cb8   WritePATable
00009ce0   __mspabi_fixdi
00009d08   __mspabi_fltuf
00009d2c   __mspabi_mpyl_f5hw
00009d4c   _c_int00
00009d4c   _c_int00_noexit
00009d66   WriteSingleReg
00009d7e   __mspabi_divu
00009d7e   __mspabi_remu
00009d94   __TI_zero_init
00009da8   __mspabi_mpyi_f5hw
00009dbc   ResetRadioCore
00009dce   __mspabi_fixdu
00009de0   __TI_decompress_none
00009df2   __mspabi_srll
00009e04   memcpy
00009e16   __mspabi_sral
00009e26   __mspabi_slll
00009e36   __mspabi_func_epilog_7
00009e38   __mspabi_func_epilog_6
00009e3a   __mspabi_func_epilog_5
00009e3c   __mspabi_func_epilog_4
00009e3e   __mspabi_func_epilog_3
00009e40   __mspabi_func_epilog_2
00009e42   __mspabi_func_epilog_1
00009e46   acceleration_value_is_positive
00009e60   bmp_as_read_register
00009e6a   bmp_as_write_register
00009e74   do_acceleration_measurement
00009e7e   PORT2_ISR
00009e86   __mspabi_fltud
00009e8c   __TI_decompress_rle24
00009e92   _system_pre_init
00009e96   C$$EXIT
00009e96   abort
00009e9a   mgrav_per_bit
00009eb2   __TI_Handler_Table_Base
00009eb8   __TI_Handler_Table_Limit
00009ebc   __TI_CINIT_Base
00009ec4   __TI_CINIT_Limit
0000fffe   _reset_vector
ffffffff   __binit__
ffffffff   __c_args__
ffffffff   binit
UNDEFED    __TI_INITARRAY_Base
UNDEFED    __TI_INITARRAY_Limit

[866 symbols]
